
> frontend@0.1.0 build
> next build

Γû▓ Next.js 16.2.6 (Turbopack)
- Environments: .env.local

  Creating an optimized production build ...
Γ£ô Compiled successfully in 2.2min
  Running TypeScript ...
  Finished TypeScript in 85s ...
  Collecting page data using 3 workers ...
  Generating static pages using 3 workers (0/10) ...
  Generating static pages using 3 workers (2/10) 
  Generating static pages using 3 workers (4/10) 
  Generating static pages using 3 workers (7/10) 
Γ£ô Generating static pages using 3 workers (10/10) in 4.7s
  Finalizing page optimization ...

Route (app)
Γöî Γùï /
Γö£ Γùï /_not-found
Γö£ Γùï /agent
Γö£ Γùï /history
Γö£ Γùï /icon.svg
Γö£ ╞Æ /pay/[id]
Γö£ Γùï /profile
Γö£ Γùï /receive
Γö£ Γùï /send
Γöö Γùï /settings


Γùï  (Static)   prerendered as static content
╞Æ  (Dynamic)  server-rendered on demand

